═════════════════════════════════════════════════════════════
Experiment EXP4 started at 2026-09-28T00:20:33.934
═════════════════════════════════════════════════════════════
[INFO] 2026-09-28T00:20:38.519 Starting experiment: EXP4
[INFO] 2026-09-28T00:20:38.552 Running simulation...
[INFO] 2026-09-28T00:20:38.939 Initializing simulation...
[INFO] 2026-09-28T00:20:38.939 Setting up computational grid...
  - Grid dimensions: 4×4 cells
  - Time steps: 12133 (Δt = 60 s)
  - Grid spacing: Δz = 0.5 m, Δx = 1 m
[INFO] 2026-09-28T00:20:39.132 Loading thermal parameters...
  - Thermal conductivity: 1.0 W/(m·K)
  - Volumetric heat capacity: 720000.0 J/(m²·K)
[INFO] 2026-09-28T00:20:39.154 Setting up boundary conditions...
  - Static boundary conditions
  - T_top = 298.15 K
  - T_bottom = 263.15 K
[INFO] 2026-09-28T00:20:39.459 Generating initial conditions (profile: horizontal_gradient)...
  - Profile type: horizontal_gradient (T_left = 273.15 K, T_right = 253.14999999999998 K)
[INFO] 2026-09-28T00:20:43.187 Initial conditions saved to: /home/hadronnez/Desktop/CLIMATE_HUB/CLIMATE_LAB/03_Projects/02_soil_heat_conduction_2d/experiments/EXP4/ic/ic.nc
[INFO] 2026-09-28T00:20:43.202 Starting time integration loop...
[INFO] 2026-09-28T00:20:44.861 Simulation completed successfully
[INFO] 2026-09-28T00:20:44.861 Generating plots...
[INFO] 2026-09-28T00:20:48.887 Saving results...
[INFO] 2026-09-28T00:20:49.383 Saving data to NetCDF format...
[INFO] 2026-09-28T00:20:51.940 Data successfully saved to: /home/hadronnez/Desktop/CLIMATE_HUB/CLIMATE_LAB/03_Projects/02_soil_heat_conduction_2d/experiments/EXP4/data/EXP4_data.nc
[INFO] 2026-09-28T00:20:51.941 Saving plots to PNG format...
[INFO] 2026-09-28T00:20:56.334 Saved plot: soil_heat_fluxes
[INFO] 2026-09-28T00:20:56.698 Saved plot: soil_energy
[INFO] 2026-09-28T00:20:57.579 Saved plot: soil_temperatures
[INFO] 2026-09-28T00:20:57.579 All plots successfully saved to: /home/hadronnez/Desktop/CLIMATE_HUB/CLIMATE_LAB/03_Projects/02_soil_heat_conduction_2d/experiments/EXP4/plots
[INFO] 2026-09-28T00:20:57.579 Experiment completed successfully
═════════════════════════════════════════════════════════════
Experiment EXP4 finished at 2026-09-28T00:20:57.585
═════════════════════════════════════════════════════════════
