═════════════════════════════════════════════════════════════
Experiment EXP7 started at 2026-09-30T00:16:12.493
═════════════════════════════════════════════════════════════
[INFO] 2026-09-30T00:16:13.218 Starting experiment: EXP7
[INFO] 2026-09-30T00:16:13.218 Running simulation...
[INFO] 2026-09-30T00:16:13.681 Initializing simulation...
[INFO] 2026-09-30T00:16:13.681 Setting up computational grid...
  - Grid dimensions: 30×30 cells
  - Time steps: 12133 (Δt = 60 s)
  - Grid spacing: Δz = 0.06666666666666667 m, Δx = 1 m
[INFO] 2026-09-30T00:16:13.682 Loading thermal parameters...
  - Thermal conductivity: 1.0 W/(m·K)
  - Volumetric heat capacity: 96000.0 J/(m²·K)
[INFO] 2026-09-30T00:16:13.682 Setting up boundary conditions...
  - Static boundary conditions
  - T_top = 298.15 K
  - T_bottom = 263.15 K
[INFO] 2026-09-30T00:16:13.869 Generating initial conditions (profile: vertical_gradient)...
  - Profile type: vertical_gradient (T_top = 298.15 K, T_bottom = 263.15 K)
[INFO] 2026-09-30T00:16:14.111 Initial conditions saved to: /home/hadronnez/Desktop/CLIMATE_HUB/CLIMATE_LAB/03_Projects/Ajourneythroughclimatemodelling/02_soil_heat_conduction_2d/experiments/EXP7/ic/ic.nc
[INFO] 2026-09-30T00:16:14.318 Starting time integration loop...
[INFO] 2026-09-30T00:16:14.747 Simulation completed successfully
[INFO] 2026-09-30T00:16:14.751 Generating plots...
[INFO] 2026-09-30T00:16:26.773 Saving results...
[INFO] 2026-09-30T00:16:28.127 Saving data to NetCDF format...
[INFO] 2026-09-30T00:16:31.778 Data successfully saved to: /home/hadronnez/Desktop/CLIMATE_HUB/CLIMATE_LAB/03_Projects/Ajourneythroughclimatemodelling/02_soil_heat_conduction_2d/experiments/EXP7/data/EXP7_data.nc
[INFO] 2026-09-30T00:16:31.778 Saving plots to PNG format...
[INFO] 2026-09-30T00:16:49.120 Saved plot: soil_heat_fluxes
[INFO] 2026-09-30T00:16:49.528 Saved plot: soil_energy
[INFO] 2026-09-30T00:16:57.767 Saved plot: soil_temperatures
[INFO] 2026-09-30T00:16:57.767 All plots successfully saved to: /home/hadronnez/Desktop/CLIMATE_HUB/CLIMATE_LAB/03_Projects/Ajourneythroughclimatemodelling/02_soil_heat_conduction_2d/experiments/EXP7/plots
[INFO] 2026-09-30T00:16:57.767 Experiment completed successfully
═════════════════════════════════════════════════════════════
Experiment EXP7 finished at 2026-09-30T00:16:58.105
═════════════════════════════════════════════════════════════
